// Jest Snapshot v1, https://goo.gl/fbAQLP

exports[`Unit tests for Featured component snapshot test to check Featured component 1`] = `
<DocumentFragment>
  <div
    class="container"
    data-testid="featured"
  >
    <section
      class="featured-sc bg-white"
    />
  </div>
</DocumentFragment>
`;
