// Jest Snapshot v1, https://goo.gl/fbAQLP

exports[`Unit tests for SignUp Components Snapshot test for SignUp component 1`] = `
<DocumentFragment>
  <div>
    SignUp
  </div>
</DocumentFragment>
`;
